ds4: Linux cuda backend set oom_score_adj=1000
ds4: CUDA using unordered one-token F16 matmul on GB10/sm_121
ds4: CUDA backend initialized on NVIDIA GB10 (sm_121) dev=0
ds4: direct I/O enabled for ds4flash.gguf align=4096
ds4: direct I/O enabled for ds4flash.gguf align=4096
ds4: q2k aligned repack base: 43 tensors 28.22 GiB in 6.7s (threads=6)
ds4: direct I/O enabled for ds4flash.gguf align=4096
ds4: iq2 aligned repack base: 86 tensors 44.34 GiB in 10.4s (threads=6)
ds4: direct I/O enabled for ds4flash.gguf align=4096
ds4: q8 aligned repack base: 345 tensors 6.15 GiB in 2.4s (threads=6)
ds4: built 474 aligned CUDA artifacts (78.71 GiB) in 19.5s; expert raw residency replaced
ds4: CUDA aligned artifacts replace expert residency; leaving the 80.76 GiB model mmap unpinned
ds4: CUDA preparing model tensor mappings
ds4: CUDA loading model tensors into device cache
ds4: CUDA startup model preparation covered 8.20 GiB of tensor spans in 1.698s
ds4: cuda backend initialized for graph diagnostics
ds4: memory: KV 1.20 GiB (raw 0.36 + compressed 0.84) + buffers 0.50 GiB + resident model 80.76 GiB = 82.46 GiB planned
ds4: memory detail: ctx=65665 prefill_cap=4096 raw_kv_rows=4352 compressed_kv_rows=16418 backend=cuda
ds4-bench: context buffers 1742.43 MiB (ctx=65665, backend=cuda, prefill_chunk=4096, raw_kv_rows=4352, compressed_kv_rows=16418)
ds4: dense Q8 prefill using aligned D2R
ds4: routed MoE using aligned CUDA artifacts
ds4: GB10 default: decode graph capture disabled (set DS4_CUDA_DECODE_GRAPHS=1 to opt in)
ds4: DS4_CUDA_DECODE_GRAPHS=default - decode graph capture disabled
