ds4: Linux cuda backend set oom_score_adj=1000
ds4: CUDA using unordered one-token F16 matmul on GB10/sm_121
ds4: CUDA backend initialized on NVIDIA GB10 (sm_121) dev=0
ds4: CUDA (no-copy) host registration skipped: operation not supported
ds4: CUDA preparing model tensor mappings
ds4: CUDA loading model tensors into device cache
ds4: CUDA loading model tensors 16.02 GiB cached
ds4: CUDA prepared model tensor mappings 16.37 GiB
ds4: CUDA loading model tensors 32.06 GiB cached
ds4: CUDA prepared model tensor mappings 32.07 GiB
ds4: CUDA loading model tensors 48.02 GiB cached
ds4: CUDA prepared model tensor mappings 48.43 GiB
ds4: CUDA loading model tensors 64.06 GiB cached
ds4: CUDA prepared model tensor mappings 64.13 GiB
ds4: CUDA loading model tensors 80.04 GiB cached
ds4: CUDA prepared model tensor mappings 80.24 GiB
ds4: CUDA startup model preparation covered 80.76 GiB of tensor spans in 17.009s
ds4: cuda backend initialized for graph diagnostics
ds4: memory: KV 1.20 GiB (raw 0.36 + compressed 0.84) + buffers 0.50 GiB + resident model 80.76 GiB = 82.46 GiB planned
ds4: memory detail: ctx=65700 prefill_cap=4096 raw_kv_rows=4352 compressed_kv_rows=16427 backend=cuda
ds4-bench: context buffers 1743.17 MiB (ctx=65700, backend=cuda, prefill_chunk=4096, raw_kv_rows=4352, compressed_kv_rows=16427)
