ds4: Linux cuda backend set oom_score_adj=1000
ds4: CUDA using unordered one-token F16 matmul on GB10/sm_121
ds4: CUDA backend initialized on NVIDIA GB10 (sm_121) dev=0
ds4: direct I/O enabled for ds4flash.gguf align=4096
ds4: direct I/O enabled for ds4flash.gguf align=4096
ds4: q2k aligned repack base: 43 tensors 28.22 GiB in 6.7s (threads=6)
ds4: direct I/O enabled for ds4flash.gguf align=4096
ds4: iq2 aligned repack base: 86 tensors 44.34 GiB in 10.1s (threads=6)
ds4: direct I/O enabled for ds4flash.gguf align=4096
ds4: q8 aligned repack base: 345 tensors 6.15 GiB in 2.3s (threads=6)
ds4: built 474 aligned CUDA artifacts (78.71 GiB) in 19.2s; expert raw residency replaced
ds4: CUDA aligned artifacts replace expert residency; leaving the 80.76 GiB model mmap unpinned
ds4: CUDA preparing model tensor mappings
ds4: CUDA loading model tensors into device cache
ds4: CUDA startup model preparation covered 8.20 GiB of tensor spans in 1.679s
ds4: cuda backend initialized for graph diagnostics
ds4: memory: KV 0.46 GiB (raw 0.36 + compressed 0.11) + buffers 0.06 GiB + resident model 80.76 GiB = 81.29 GiB planned
ds4: memory detail: ctx=8192 prefill_cap=4096 raw_kv_rows=4352 compressed_kv_rows=2050 backend=cuda
ds4: memory: KV 0.46 GiB (raw 0.36 + compressed 0.11) + buffers 0.06 GiB = 0.53 GiB context
ds4: memory detail: ctx=8192 prefill_cap=4096 raw_kv_rows=4352 compressed_kv_rows=2050 backend=cuda
ds4: using GPU graph generation with graph prefill
ds4: routed MoE using aligned CUDA artifacts
ds4: gpu prefill layer 1/43
ds4: gpu prefill layer 2/43
ds4: gpu prefill layer 3/43
ds4: gpu prefill layer 4/43
ds4: gpu prefill layer 5/43
ds4: gpu prefill layer 6/43
ds4: gpu prefill layer 7/43
ds4: gpu prefill layer 8/43
ds4: gpu prefill layer 9/43
ds4: gpu prefill layer 10/43
ds4: gpu prefill layer 11/43
ds4: gpu prefill layer 12/43
ds4: gpu prefill layer 13/43
ds4: gpu prefill layer 14/43
ds4: gpu prefill layer 15/43
ds4: gpu prefill layer 16/43
ds4: gpu prefill layer 17/43
ds4: gpu prefill layer 18/43
ds4: gpu prefill layer 19/43
ds4: gpu prefill layer 20/43
ds4: gpu prefill layer 21/43
ds4: gpu prefill layer 22/43
ds4: gpu prefill layer 23/43
ds4: gpu prefill layer 24/43
ds4: gpu prefill layer 25/43
ds4: gpu prefill layer 26/43
ds4: gpu prefill layer 27/43
ds4: gpu prefill layer 28/43
ds4: gpu prefill layer 29/43
ds4: gpu prefill layer 30/43
ds4: gpu prefill layer 31/43
ds4: gpu prefill layer 32/43
ds4: gpu prefill layer 33/43
ds4: gpu prefill layer 34/43
ds4: gpu prefill layer 35/43
ds4: gpu prefill layer 36/43
ds4: gpu prefill layer 37/43
ds4: gpu prefill layer 38/43
ds4: gpu prefill layer 39/43
ds4: gpu prefill layer 40/43
ds4: gpu prefill layer 41/43
ds4: gpu prefill layer 42/43
ds4: gpu prefill layer 43/43

ds4: DS4_CUDA_DECODE_GRAPHS=0 - decode graph capture disabled
ds4: prefill: 46.90 t/s, generation: 21.40 t/s
